{
  "test": {
    "tree": {
      "a": "test/tree/a.97224400.css",
      "c": "test/tree/c.402c9d84",
      "js": {
        "b": "test/tree/js/b.69e71580.js"
      }
    }
  }
}