{
  "test-a": "test/tree/a.css",
  "test-c": "test/tree/c",
  "test-b": "test/tree/js/b.js"
}