{
  "a": "test/tree/a.css",
  "c": "test/tree/c",
  "b": "test/tree/js/b.js"
}