{
  "test": {
    "tree": {
      "a": "test/tree/a.css",
      "js": {
        "b": "test/tree/js/b.js"
      }
    }
  }
}