{
  "test": {
    "tree": {
      "c": "test/tree/c",
      "js": {
        "b": "test/tree/js/b.js"
      }
    }
  }
}